// Jest Snapshot v1, https://goo.gl/fbAQLP

exports[`SidebarNav replaces underscores with spaces in pageName 1`] = `
<Tooltip
  content="streamlit app"
  placement="auto"
>
  <StyledWrapper>
    <StyledEllipsizedDiv>
      streamlit app
    </StyledEllipsizedDiv>
  </StyledWrapper>
</Tooltip>
`;
