// Jest Snapshot v1, https://goo.gl/fbAQLP

exports[`Text Element Test (preformatted text) renders plain text 1`] = `
<div
  className="fixed-width stText"
  style={
    Object {
      "width": 100,
    }
  }
>
  some plain text
</div>
`;
